#-----------------------------------------------------------
# Vivado v2023.1 (64-bit)
# SW Build 3865809 on Sun May  7 15:05:29 MDT 2023
# IP Build 3864474 on Sun May  7 20:36:21 MDT 2023
# SharedData Build 3865790 on Sun May 07 13:33:03 MDT 2023
# Start of session at: Mon Oct  9 10:25:27 2023
# Process ID: 13628
# Current directory: E:/ZeboardTemplate/Zed_Git/ZedBoard_VGA_FPGA
# Command line: vivado.exe -gui_launcher_event rodinguilauncherevent13828 E:\ZeboardTemplate\Zed_Git\ZedBoard_VGA_FPGA\ZedBoard_VGA.xpr
# Log file: E:/ZeboardTemplate/Zed_Git/ZedBoard_VGA_FPGA/vivado.log
# Journal file: E:/ZeboardTemplate/Zed_Git/ZedBoard_VGA_FPGA\vivado.jou
# Running On: PETE-LT, OS: Windows, CPU Frequency: 2592 MHz, CPU Physical cores: 6, Host memory: 34055 MB
#-----------------------------------------------------------
start_gui
open_project E:/ZeboardTemplate/Zed_Git/ZedBoard_VGA_FPGA/ZedBoard_VGA.xpr
open_project E:/ZeboardTemplate/Zed_Git/ZedBoard_VGA_FPGA/ZedBoard_VGA_IP/ZedBoard_VGA_Controller/ZedBoard_VGA_Controller.xpr
current_project ZedBoard_VGA
close_project
